// Jest Snapshot v1, https://goo.gl/fbAQLP

exports[`ReviewList component renders 1`] = `
<styled.div>
  <styled.div>
    <Review
      review={
        Object {
          "date": "May",
          "name": "test",
          "photo": "https://airific-review-images.s3.us-east-2.amazonaws.com/image20.jpg",
          "text": "Hello!",
        }
      }
    />
  </styled.div>
</styled.div>
`;

exports[`ReviewList component return default empty array when there is no data to map through 1`] = `<styled.div />`;
